Archive member included to satisfy reference by file (symbol)

s:/st/stm32cubeide_1.8.0/stm32cubeide/plugins/com.st.stm32cube.ide.mcu.externaltools.gnu-tools-for-stm32.9-2020-q2-update.win32_2.0.0.202105311346/tools/bin/../lib/gcc/arm-none-eabi/9.3.1/../../../../arm-none-eabi/lib/thumb/v6-m/nofp\libc_nano.a(lib_a-errno.o)
                              ./Core/Src/syscalls.o (__errno)
s:/st/stm32cubeide_1.8.0/stm32cubeide/plugins/com.st.stm32cube.ide.mcu.externaltools.gnu-tools-for-stm32.9-2020-q2-update.win32_2.0.0.202105311346/tools/bin/../lib/gcc/arm-none-eabi/9.3.1/../../../../arm-none-eabi/lib/thumb/v6-m/nofp\libc_nano.a(lib_a-exit.o)
                              s:/st/stm32cubeide_1.8.0/stm32cubeide/plugins/com.st.stm32cube.ide.mcu.externaltools.gnu-tools-for-stm32.9-2020-q2-update.win32_2.0.0.202105311346/tools/bin/../lib/gcc/arm-none-eabi/9.3.1/../../../../arm-none-eabi/lib/thumb/v6-m/nofp/crt0.o (exit)
s:/st/stm32cubeide_1.8.0/stm32cubeide/plugins/com.st.stm32cube.ide.mcu.externaltools.gnu-tools-for-stm32.9-2020-q2-update.win32_2.0.0.202105311346/tools/bin/../lib/gcc/arm-none-eabi/9.3.1/../../../../arm-none-eabi/lib/thumb/v6-m/nofp\libc_nano.a(lib_a-impure.o)
                              s:/st/stm32cubeide_1.8.0/stm32cubeide/plugins/com.st.stm32cube.ide.mcu.externaltools.gnu-tools-for-stm32.9-2020-q2-update.win32_2.0.0.202105311346/tools/bin/../lib/gcc/arm-none-eabi/9.3.1/../../../../arm-none-eabi/lib/thumb/v6-m/nofp\libc_nano.a(lib_a-exit.o) (_global_impure_ptr)
s:/st/stm32cubeide_1.8.0/stm32cubeide/plugins/com.st.stm32cube.ide.mcu.externaltools.gnu-tools-for-stm32.9-2020-q2-update.win32_2.0.0.202105311346/tools/bin/../lib/gcc/arm-none-eabi/9.3.1/../../../../arm-none-eabi/lib/thumb/v6-m/nofp\libc_nano.a(lib_a-init.o)
                              s:/st/stm32cubeide_1.8.0/stm32cubeide/plugins/com.st.stm32cube.ide.mcu.externaltools.gnu-tools-for-stm32.9-2020-q2-update.win32_2.0.0.202105311346/tools/bin/../lib/gcc/arm-none-eabi/9.3.1/../../../../arm-none-eabi/lib/thumb/v6-m/nofp/crt0.o (__libc_init_array)
s:/st/stm32cubeide_1.8.0/stm32cubeide/plugins/com.st.stm32cube.ide.mcu.externaltools.gnu-tools-for-stm32.9-2020-q2-update.win32_2.0.0.202105311346/tools/bin/../lib/gcc/arm-none-eabi/9.3.1/../../../../arm-none-eabi/lib/thumb/v6-m/nofp\libc_nano.a(lib_a-memset.o)
                              s:/st/stm32cubeide_1.8.0/stm32cubeide/plugins/com.st.stm32cube.ide.mcu.externaltools.gnu-tools-for-stm32.9-2020-q2-update.win32_2.0.0.202105311346/tools/bin/../lib/gcc/arm-none-eabi/9.3.1/../../../../arm-none-eabi/lib/thumb/v6-m/nofp/crt0.o (memset)
s:/st/stm32cubeide_1.8.0/stm32cubeide/plugins/com.st.stm32cube.ide.mcu.externaltools.gnu-tools-for-stm32.9-2020-q2-update.win32_2.0.0.202105311346/tools/bin/../lib/gcc/arm-none-eabi/9.3.1/thumb/v6-m/nofp\libgcc.a(_udivsi3.o)
                              ./Core/Src/system_stm32f0xx.o (__aeabi_uidiv)
s:/st/stm32cubeide_1.8.0/stm32cubeide/plugins/com.st.stm32cube.ide.mcu.externaltools.gnu-tools-for-stm32.9-2020-q2-update.win32_2.0.0.202105311346/tools/bin/../lib/gcc/arm-none-eabi/9.3.1/thumb/v6-m/nofp\libgcc.a(_dvmd_tls.o)
                              s:/st/stm32cubeide_1.8.0/stm32cubeide/plugins/com.st.stm32cube.ide.mcu.externaltools.gnu-tools-for-stm32.9-2020-q2-update.win32_2.0.0.202105311346/tools/bin/../lib/gcc/arm-none-eabi/9.3.1/thumb/v6-m/nofp\libgcc.a(_udivsi3.o) (__aeabi_idiv0)

Allocating common symbols
Common symbol       size              file

hi2c1               0x4c              ./Core/Src/main.o
uwTick              0x4               ./Drivers/STM32F0xx_HAL_Driver/Src/stm32f0xx_hal.o
pFlash              0x20              ./Drivers/STM32F0xx_HAL_Driver/Src/stm32f0xx_hal_flash.o
LED_blue_array      0xa               ./Core/Src/main.o
htim3               0x48              ./Core/Src/main.o
huart1              0x84              ./Core/Src/main.o
LED_red_array       0xa               ./Core/Src/main.o
htim1               0x48              ./Core/Src/main.o
LED_green_array     0xa               ./Core/Src/main.o
hspi1               0x64              ./Core/Src/main.o

Discarded input sections

 .text          0x0000000000000000        0x0 s:/st/stm32cubeide_1.8.0/stm32cubeide/plugins/com.st.stm32cube.ide.mcu.externaltools.gnu-tools-for-stm32.9-2020-q2-update.win32_2.0.0.202105311346/tools/bin/../lib/gcc/arm-none-eabi/9.3.1/thumb/v6-m/nofp/crti.o
 .data          0x0000000000000000        0x0 s:/st/stm32cubeide_1.8.0/stm32cubeide/plugins/com.st.stm32cube.ide.mcu.externaltools.gnu-tools-for-stm32.9-2020-q2-update.win32_2.0.0.202105311346/tools/bin/../lib/gcc/arm-none-eabi/9.3.1/thumb/v6-m/nofp/crti.o
 .bss           0x0000000000000000        0x0 s:/st/stm32cubeide_1.8.0/stm32cubeide/plugins/com.st.stm32cube.ide.mcu.externaltools.gnu-tools-for-stm32.9-2020-q2-update.win32_2.0.0.202105311346/tools/bin/../lib/gcc/arm-none-eabi/9.3.1/thumb/v6-m/nofp/crti.o
[...]
Memory Configuration

Name             Origin             Length             Attributes
RAM              0x0000000020000000 0x0000000000001800 xrw
FLASH            0x0000000008000000 0x0000000000008000 xr
*default*        0x0000000000000000 0xffffffffffffffff

Linker script and memory map

LOAD s:/st/stm32cubeide_1.8.0/stm32cubeide/plugins/com.st.stm32cube.ide.mcu.externaltools.gnu-tools-for-stm32.9-2020-q2-update.win32_2.0.0.202105311346/tools/bin/../lib/gcc/arm-none-eabi/9.3.1/thumb/v6-m/nofp/crti.o
LOAD s:/st/stm32cubeide_1.8.0/stm32cubeide/plugins/com.st.stm32cube.ide.mcu.externaltools.gnu-tools-for-stm32.9-2020-q2-update.win32_2.0.0.202105311346/tools/bin/../lib/gcc/arm-none-eabi/9.3.1/thumb/v6-m/nofp/crtbegin.o
LOAD s:/st/stm32cubeide_1.8.0/stm32cubeide/plugins/com.st.stm32cube.ide.mcu.externaltools.gnu-tools-for-stm32.9-2020-q2-update.win32_2.0.0.202105311346/tools/bin/../lib/gcc/arm-none-eabi/9.3.1/../../../../arm-none-eabi/lib/thumb/v6-m/nofp/crt0.o
LOAD ./Core/Src/main.o
LOAD ./Core/Src/stm32f0xx_hal_msp.o
LOAD ./Core/Src/stm32f0xx_it.o
LOAD ./Core/Src/syscalls.o
LOAD ./Core/Src/sysmem.o
LOAD ./Core/Src/system_stm32f0xx.o
LOAD ./Core/Startup/startup_stm32f042k6tx.o
LOAD ./Drivers/STM32F0xx_HAL_Driver/Src/stm32f0xx_hal.o
LOAD ./Drivers/STM32F0xx_HAL_Driver/Src/stm32f0xx_hal_cortex.o
LOAD ./Drivers/STM32F0xx_HAL_Driver/Src/stm32f0xx_hal_dma.o
LOAD ./Drivers/STM32F0xx_HAL_Driver/Src/stm32f0xx_hal_exti.o
LOAD ./Drivers/STM32F0xx_HAL_Driver/Src/stm32f0xx_hal_flash.o
LOAD ./Drivers/STM32F0xx_HAL_Driver/Src/stm32f0xx_hal_flash_ex.o
LOAD ./Drivers/STM32F0xx_HAL_Driver/Src/stm32f0xx_hal_gpio.o
LOAD ./Drivers/STM32F0xx_HAL_Driver/Src/stm32f0xx_hal_i2c.o
LOAD ./Drivers/STM32F0xx_HAL_Driver/Src/stm32f0xx_hal_i2c_ex.o
LOAD ./Drivers/STM32F0xx_HAL_Driver/Src/stm32f0xx_hal_pwr.o
LOAD ./Drivers/STM32F0xx_HAL_Driver/Src/stm32f0xx_hal_pwr_ex.o
LOAD ./Drivers/STM32F0xx_HAL_Driver/Src/stm32f0xx_hal_rcc.o
LOAD ./Drivers/STM32F0xx_HAL_Driver/Src/stm32f0xx_hal_rcc_ex.o
LOAD ./Drivers/STM32F0xx_HAL_Driver/Src/stm32f0xx_hal_spi.o
LOAD ./Drivers/STM32F0xx_HAL_Driver/Src/stm32f0xx_hal_spi_ex.o
LOAD ./Drivers/STM32F0xx_HAL_Driver/Src/stm32f0xx_hal_tim.o
LOAD ./Drivers/STM32F0xx_HAL_Driver/Src/stm32f0xx_hal_tim_ex.o
LOAD ./Drivers/STM32F0xx_HAL_Driver/Src/stm32f0xx_hal_uart.o
LOAD ./Drivers/STM32F0xx_HAL_Driver/Src/stm32f0xx_hal_uart_ex.o
LOAD ./sk9882/sk9822.o
START GROUP
LOAD s:/st/stm32cubeide_1.8.0/stm32cubeide/plugins/com.st.stm32cube.ide.mcu.externaltools.gnu-tools-for-stm32.9-2020-q2-update.win32_2.0.0.202105311346/tools/bin/../lib/gcc/arm-none-eabi/9.3.1/../../../../arm-none-eabi/lib/thumb/v6-m/nofp\libc_nano.a
LOAD s:/st/stm32cubeide_1.8.0/stm32cubeide/plugins/com.st.stm32cube.ide.mcu.externaltools.gnu-tools-for-stm32.9-2020-q2-update.win32_2.0.0.202105311346/tools/bin/../lib/gcc/arm-none-eabi/9.3.1/../../../../arm-none-eabi/lib/thumb/v6-m/nofp\libm.a
END GROUP
START GROUP
LOAD s:/st/stm32cubeide_1.8.0/stm32cubeide/plugins/com.st.stm32cube.ide.mcu.externaltools.gnu-tools-for-stm32.9-2020-q2-update.win32_2.0.0.202105311346/tools/bin/../lib/gcc/arm-none-eabi/9.3.1/thumb/v6-m/nofp\libgcc.a
LOAD s:/st/stm32cubeide_1.8.0/stm32cubeide/plugins/com.st.stm32cube.ide.mcu.externaltools.gnu-tools-for-stm32.9-2020-q2-update.win32_2.0.0.202105311346/tools/bin/../lib/gcc/arm-none-eabi/9.3.1/../../../../arm-none-eabi/lib/thumb/v6-m/nofp\libc_nano.a
END GROUP
START GROUP
LOAD s:/st/stm32cubeide_1.8.0/stm32cubeide/plugins/com.st.stm32cube.ide.mcu.externaltools.gnu-tools-for-stm32.9-2020-q2-update.win32_2.0.0.202105311346/tools/bin/../lib/gcc/arm-none-eabi/9.3.1/thumb/v6-m/nofp\libgcc.a
LOAD s:/st/stm32cubeide_1.8.0/stm32cubeide/plugins/com.st.stm32cube.ide.mcu.externaltools.gnu-tools-for-stm32.9-2020-q2-update.win32_2.0.0.202105311346/tools/bin/../lib/gcc/arm-none-eabi/9.3.1/../../../../arm-none-eabi/lib/thumb/v6-m/nofp\libc_nano.a
LOAD s:/st/stm32cubeide_1.8.0/stm32cubeide/plugins/com.st.stm32cube.ide.mcu.externaltools.gnu-tools-for-stm32.9-2020-q2-update.win32_2.0.0.202105311346/tools/bin/../lib/gcc/arm-none-eabi/9.3.1/../../../../arm-none-eabi/lib/thumb/v6-m/nofp\libnosys.a
END GROUP
START GROUP
LOAD s:/st/stm32cubeide_1.8.0/stm32cubeide/plugins/com.st.stm32cube.ide.mcu.externaltools.gnu-tools-for-stm32.9-2020-q2-update.win32_2.0.0.202105311346/tools/bin/../lib/gcc/arm-none-eabi/9.3.1/thumb/v6-m/nofp\libgcc.a
LOAD s:/st/stm32cubeide_1.8.0/stm32cubeide/plugins/com.st.stm32cube.ide.mcu.externaltools.gnu-tools-for-stm32.9-2020-q2-update.win32_2.0.0.202105311346/tools/bin/../lib/gcc/arm-none-eabi/9.3.1/../../../../arm-none-eabi/lib/thumb/v6-m/nofp\libc_nano.a
LOAD s:/st/stm32cubeide_1.8.0/stm32cubeide/plugins/com.st.stm32cube.ide.mcu.externaltools.gnu-tools-for-stm32.9-2020-q2-update.win32_2.0.0.202105311346/tools/bin/../lib/gcc/arm-none-eabi/9.3.1/../../../../arm-none-eabi/lib/thumb/v6-m/nofp\libnosys.a
END GROUP
LOAD s:/st/stm32cubeide_1.8.0/stm32cubeide/plugins/com.st.stm32cube.ide.mcu.externaltools.gnu-tools-for-stm32.9-2020-q2-update.win32_2.0.0.202105311346/tools/bin/../lib/gcc/arm-none-eabi/9.3.1/thumb/v6-m/nofp/crtend.o
LOAD s:/st/stm32cubeide_1.8.0/stm32cubeide/plugins/com.st.stm32cube.ide.mcu.externaltools.gnu-tools-for-stm32.9-2020-q2-update.win32_2.0.0.202105311346/tools/bin/../lib/gcc/arm-none-eabi/9.3.1/thumb/v6-m/nofp/crtn.o
                0x0000000020001800                _estack = (ORIGIN (RAM) + LENGTH (RAM))
                0x0000000000000200                _Min_Heap_Size = 0x200
                0x0000000000000400                _Min_Stack_Size = 0x400

.isr_vector     0x0000000008000000       0xc0
                0x0000000008000000                . = ALIGN (0x4)
 *(.isr_vector)
 .isr_vector    0x0000000008000000       0xc0 ./Core/Startup/startup_stm32f042k6tx.o
                0x0000000008000000                g_pfnVectors
                0x00000000080000c0                . = ALIGN (0x4)

.text           0x00000000080000c0     0x462c
                0x00000000080000c0                . = ALIGN (0x4)
 *(.text)
 .text          0x00000000080000c0       0x48 s:/st/stm32cubeide_1.8.0/stm32cubeide/plugins/com.st.stm32cube.ide.mcu.externaltools.gnu-tools-for-stm32.9-2020-q2-update.win32_2.0.0.202105311346/tools/bin/../lib/gcc/arm-none-eabi/9.3.1/thumb/v6-m/nofp/crtbegin.o
 .text          0x0000000008000108      0x114 s:/st/stm32cubeide_1.8.0/stm32cubeide/plugins/com.st.stm32cube.ide.mcu.externaltools.gnu-tools-for-stm32.9-2020-q2-update.win32_2.0.0.202105311346/tools/bin/../lib/gcc/arm-none-eabi/9.3.1/thumb/v6-m/nofp\libgcc.a(_udivsi3.o)
                0x0000000008000108                __aeabi_uidiv
                0x0000000008000108                __udivsi3
                0x0000000008000214                __aeabi_uidivmod
 .text          0x000000000800021c        0x4 s:/st/stm32cubeide_1.8.0/stm32cubeide/plugins/com.st.stm32cube.ide.mcu.externaltools.gnu-tools-for-stm32.9-2020-q2-update.win32_2.0.0.202105311346/tools/bin/../lib/gcc/arm-none-eabi/9.3.1/thumb/v6-m/nofp\libgcc.a(_dvmd_tls.o)
                0x000000000800021c                __aeabi_idiv0
                0x000000000800021c                __aeabi_ldiv0
 *(.text*)
 .text.main     0x0000000008000220       0x78 ./Core/Src/main.o
                0x0000000008000220                main
 .text.SystemClock_Config
                0x0000000008000298       0xba ./Core/Src/main.o
                0x0000000008000298                SystemClock_Config
 *fill*         0x0000000008000352        0x2 
 .text.MX_I2C1_Init
                0x0000000008000354       0x80 ./Core/Src/main.o
 .text.MX_SPI1_Init
                0x00000000080003d4       0x7c ./Core/Src/main.o
 .text.MX_TIM1_Init
                0x0000000008000450       0xb0 ./Core/Src/main.o
 .text.MX_TIM3_Init
                0x0000000008000500       0xbc ./Core/Src/main.o
 .text.MX_USART1_UART_Init
                0x00000000080005bc       0x60 ./Core/Src/main.o
 .text.MX_GPIO_Init
                0x000000000800061c       0x70 ./Core/Src/main.o
 .text.Error_Handler
                0x000000000800068c        0xa ./Core/Src/main.o
                0x000000000800068c                Error_Handler
 *fill*         0x0000000008000696        0x2 
 .text.HAL_MspInit
                0x0000000008000698       0x48 ./Core/Src/stm32f0xx_hal_msp.o
                0x0000000008000698                HAL_MspInit
 .text.HAL_I2C_MspInit
                0x00000000080006e0       0xac ./Core/Src/stm32f0xx_hal_msp.o
                0x00000000080006e0                HAL_I2C_MspInit
 .text.HAL_SPI_MspInit
                0x000000000800078c       0xa8 ./Core/Src/stm32f0xx_hal_msp.o
                0x000000000800078c                HAL_SPI_MspInit
 .text.HAL_TIM_Base_MspInit
                0x0000000008000834       0x40 ./Core/Src/stm32f0xx_hal_msp.o
                0x0000000008000834                HAL_TIM_Base_MspInit
 .text.HAL_TIM_IC_MspInit
                0x0000000008000874       0x94 ./Core/Src/stm32f0xx_hal_msp.o
                0x0000000008000874                HAL_TIM_IC_MspInit
 .text.HAL_UART_MspInit
                0x0000000008000908       0xac ./Core/Src/stm32f0xx_hal_msp.o
                0x0000000008000908                HAL_UART_MspInit
 .text.NMI_Handler
                0x00000000080009b4        0x6 ./Core/Src/stm32f0xx_it.o
                0x00000000080009b4                NMI_Handler
 .text.HardFault_Handler
                0x00000000080009ba        0x6 ./Core/Src/stm32f0xx_it.o
                0x00000000080009ba                HardFault_Handler
 .text.SVC_Handler
                0x00000000080009c0        0xa ./Core/Src/stm32f0xx_it.o
                0x00000000080009c0                SVC_Handler
 .text.PendSV_Handler
                0x00000000080009ca        0xa ./Core/Src/stm32f0xx_it.o
                0x00000000080009ca                PendSV_Handler
 .text.SysTick_Handler
                0x00000000080009d4        0xe ./Core/Src/stm32f0xx_it.o
                0x00000000080009d4                SysTick_Handler
 *fill*         0x00000000080009e2        0x2 
 .text.I2C1_IRQHandler
                0x00000000080009e4       0x30 ./Core/Src/stm32f0xx_it.o
                0x00000000080009e4                I2C1_IRQHandler
 .text.SPI1_IRQHandler
                0x0000000008000a14       0x18 ./Core/Src/stm32f0xx_it.o
                0x0000000008000a14                SPI1_IRQHandler
 .text.USART1_IRQHandler
                0x0000000008000a2c       0x18 ./Core/Src/stm32f0xx_it.o
                0x0000000008000a2c                USART1_IRQHandler
 .text.SystemInit
                0x0000000008000a44        0xa ./Core/Src/system_stm32f0xx.o
                0x0000000008000a44                SystemInit
 *fill*         0x0000000008000a4e        0x2 
 .text.Reset_Handler
                0x0000000008000a50       0x80 ./Core/Startup/startup_stm32f042k6tx.o
                0x0000000008000a50                Reset_Handler
 .text.Default_Handler
                0x0000000008000ad0        0x2 ./Core/Startup/startup_stm32f042k6tx.o
                0x0000000008000ad0                TIM1_CC_IRQHandler
                0x0000000008000ad0                TSC_IRQHandler
                0x0000000008000ad0                RCC_CRS_IRQHandler
                0x0000000008000ad0                EXTI2_3_IRQHandler
                0x0000000008000ad0                ADC1_IRQHandler
                0x0000000008000ad0                TIM17_IRQHandler
                0x0000000008000ad0                CEC_CAN_IRQHandler
                0x0000000008000ad0                RTC_IRQHandler
                0x0000000008000ad0                PVD_VDDIO2_IRQHandler
                0x0000000008000ad0                TIM16_IRQHandler
                0x0000000008000ad0                TIM3_IRQHandler
                0x0000000008000ad0                EXTI4_15_IRQHandler
                0x0000000008000ad0                DMA1_Channel1_IRQHandler
                0x0000000008000ad0                Default_Handler
                0x0000000008000ad0                TIM14_IRQHandler
                0x0000000008000ad0                DMA1_Channel4_5_IRQHandler
                0x0000000008000ad0                EXTI0_1_IRQHandler
                0x0000000008000ad0                USB_IRQHandler
                0x0000000008000ad0                SPI2_IRQHandler
                0x0000000008000ad0                WWDG_IRQHandler
                0x0000000008000ad0                TIM2_IRQHandler
                0x0000000008000ad0                DMA1_Channel2_3_IRQHandler
                0x0000000008000ad0                USART2_IRQHandler
                0x0000000008000ad0                FLASH_IRQHandler
                0x0000000008000ad0                TIM1_BRK_UP_TRG_COM_IRQHandler
 *fill*         0x0000000008000ad2        0x2 
 .text.HAL_Init
                0x0000000008000ad4       0x28 ./Drivers/STM32F0xx_HAL_Driver/Src/stm32f0xx_hal.o
                0x0000000008000ad4                HAL_Init
 .text.HAL_InitTick
                0x0000000008000afc       0x68 ./Drivers/STM32F0xx_HAL_Driver/Src/stm32f0xx_hal.o
                0x0000000008000afc                HAL_InitTick
 .text.HAL_IncTick
                0x0000000008000b64       0x24 ./Drivers/STM32F0xx_HAL_Driver/Src/stm32f0xx_hal.o
                0x0000000008000b64                HAL_IncTick
 .text.HAL_GetTick
                0x0000000008000b88       0x14 ./Drivers/STM32F0xx_HAL_Driver/Src/stm32f0xx_hal.o
                0x0000000008000b88                HAL_GetTick
 .text.__NVIC_EnableIRQ
                0x0000000008000b9c       0x34 ./Drivers/STM32F0xx_HAL_Driver/Src/stm32f0xx_hal_cortex.o
 .text.__NVIC_SetPriority
                0x0000000008000bd0       0xdc ./Drivers/STM32F0xx_HAL_Driver/Src/stm32f0xx_hal_cortex.o
 .text.SysTick_Config
                0x0000000008000cac       0x48 ./Drivers/STM32F0xx_HAL_Driver/Src/stm32f0xx_hal_cortex.o
 .text.HAL_NVIC_SetPriority
                0x0000000008000cf4       0x2a ./Drivers/STM32F0xx_HAL_Driver/Src/stm32f0xx_hal_cortex.o
                0x0000000008000cf4                HAL_NVIC_SetPriority
 .text.HAL_NVIC_EnableIRQ
                0x0000000008000d1e       0x20 ./Drivers/STM32F0xx_HAL_Driver/Src/stm32f0xx_hal_cortex.o
                0x0000000008000d1e                HAL_NVIC_EnableIRQ
 .text.HAL_SYSTICK_Config
                0x0000000008000d3e       0x1a ./Drivers/STM32F0xx_HAL_Driver/Src/stm32f0xx_hal_cortex.o
                0x0000000008000d3e                HAL_SYSTICK_Config
 .text.HAL_DMA_Abort
                0x0000000008000d58       0x70 ./Drivers/STM32F0xx_HAL_Driver/Src/stm32f0xx_hal_dma.o
                0x0000000008000d58                HAL_DMA_Abort
 .text.HAL_DMA_Abort_IT
                0x0000000008000dc8       0x8a ./Drivers/STM32F0xx_HAL_Driver/Src/stm32f0xx_hal_dma.o
                0x0000000008000dc8                HAL_DMA_Abort_IT
 .text.HAL_DMA_GetState
                0x0000000008000e52       0x18 ./Drivers/STM32F0xx_HAL_Driver/Src/stm32f0xx_hal_dma.o
                0x0000000008000e52                HAL_DMA_GetState
 *fill*         0x0000000008000e6a        0x2 
 .text.HAL_GPIO_Init
                0x0000000008000e6c      0x2d0 ./Drivers/STM32F0xx_HAL_Driver/Src/stm32f0xx_hal_gpio.o
                0x0000000008000e6c                HAL_GPIO_Init
 .text.HAL_GPIO_WritePin
                0x000000000800113c       0x3a ./Drivers/STM32F0xx_HAL_Driver/Src/stm32f0xx_hal_gpio.o
                0x000000000800113c                HAL_GPIO_WritePin
 *fill*         0x0000000008001176        0x2 
 .text.HAL_I2C_Init
                0x0000000008001178      0x12c ./Drivers/STM32F0xx_HAL_Driver/Src/stm32f0xx_hal_i2c.o
                0x0000000008001178                HAL_I2C_Init
 .text.HAL_I2C_EV_IRQHandler
                0x00000000080012a4       0x34 ./Drivers/STM32F0xx_HAL_Driver/Src/stm32f0xx_hal_i2c.o
                0x00000000080012a4                HAL_I2C_EV_IRQHandler
 .text.HAL_I2C_ER_IRQHandler
                0x00000000080012d8       0xc4 ./Drivers/STM32F0xx_HAL_Driver/Src/stm32f0xx_hal_i2c.o
                0x00000000080012d8                HAL_I2C_ER_IRQHandler
 .text.HAL_I2C_SlaveTxCpltCallback
                0x000000000800139c       0x10 ./Drivers/STM32F0xx_HAL_Driver/Src/stm32f0xx_hal_i2c.o
                0x000000000800139c                HAL_I2C_SlaveTxCpltCallback
 .text.HAL_I2C_SlaveRxCpltCallback
                0x00000000080013ac       0x10 ./Drivers/STM32F0xx_HAL_Driver/Src/stm32f0xx_hal_i2c.o
                0x00000000080013ac                HAL_I2C_SlaveRxCpltCallback
 .text.HAL_I2C_AddrCallback
                0x00000000080013bc       0x20 ./Drivers/STM32F0xx_HAL_Driver/Src/stm32f0xx_hal_i2c.o
                0x00000000080013bc                HAL_I2C_AddrCallback
 .text.HAL_I2C_ListenCpltCallback
                0x00000000080013dc       0x10 ./Drivers/STM32F0xx_HAL_Driver/Src/stm32f0xx_hal_i2c.o
                0x00000000080013dc                HAL_I2C_ListenCpltCallback
 .text.HAL_I2C_ErrorCallback
                0x00000000080013ec       0x10 ./Drivers/STM32F0xx_HAL_Driver/Src/stm32f0xx_hal_i2c.o
                0x00000000080013ec                HAL_I2C_ErrorCallback
 .text.HAL_I2C_AbortCpltCallback
                0x00000000080013fc       0x10 ./Drivers/STM32F0xx_HAL_Driver/Src/stm32f0xx_hal_i2c.o
                0x00000000080013fc                HAL_I2C_AbortCpltCallback
 .text.I2C_Slave_ISR_IT
                0x000000000800140c      0x228 ./Drivers/STM32F0xx_HAL_Driver/Src/stm32f0xx_hal_i2c.o
 .text.I2C_ITAddrCplt
                0x0000000008001634      0x148 ./Drivers/STM32F0xx_HAL_Driver/Src/stm32f0xx_hal_i2c.o
 .text.I2C_ITSlaveSeqCplt
                0x000000000800177c       0xcc ./Drivers/STM32F0xx_HAL_Driver/Src/stm32f0xx_hal_i2c.o
 .text.I2C_ITSlaveCplt
                0x0000000008001848      0x248 ./Drivers/STM32F0xx_HAL_Driver/Src/stm32f0xx_hal_i2c.o
 .text.I2C_ITListenCplt
                0x0000000008001a90       0xb4 ./Drivers/STM32F0xx_HAL_Driver/Src/stm32f0xx_hal_i2c.o
 .text.I2C_ITError
                0x0000000008001b44      0x1c4 ./Drivers/STM32F0xx_HAL_Driver/Src/stm32f0xx_hal_i2c.o
 .text.I2C_TreatErrorCallback
                0x0000000008001d08       0x52 ./Drivers/STM32F0xx_HAL_Driver/Src/stm32f0xx_hal_i2c.o
 .text.I2C_Flush_TXDR
                0x0000000008001d5a       0x44 ./Drivers/STM32F0xx_HAL_Driver/Src/stm32f0xx_hal_i2c.o
 .text.I2C_DMAAbort
                0x0000000008001d9e       0x3e ./Drivers/STM32F0xx_HAL_Driver/Src/stm32f0xx_hal_i2c.o
 .text.I2C_Disable_IRQ
                0x0000000008001ddc       0xc6 ./Drivers/STM32F0xx_HAL_Driver/Src/stm32f0xx_hal_i2c.o
 *fill*         0x0000000008001ea2        0x2 
 .text.HAL_I2CEx_ConfigAnalogFilter
                0x0000000008001ea4       0x98 ./Drivers/STM32F0xx_HAL_Driver/Src/stm32f0xx_hal_i2c_ex.o
                0x0000000008001ea4                HAL_I2CEx_ConfigAnalogFilter
 .text.HAL_I2CEx_ConfigDigitalFilter
                0x0000000008001f3c       0x98 ./Drivers/STM32F0xx_HAL_Driver/Src/stm32f0xx_hal_i2c_ex.o
                0x0000000008001f3c                HAL_I2CEx_ConfigDigitalFilter
 .text.HAL_RCC_OscConfig
                0x0000000008001fd4      0x70c ./Drivers/STM32F0xx_HAL_Driver/Src/stm32f0xx_hal_rcc.o
                0x0000000008001fd4                HAL_RCC_OscConfig
 .text.HAL_RCC_ClockConfig
                0x00000000080026e0      0x1b4 ./Drivers/STM32F0xx_HAL_Driver/Src/stm32f0xx_hal_rcc.o
                0x00000000080026e0                HAL_RCC_ClockConfig
 .text.HAL_RCC_GetSysClockFreq
                0x0000000008002894      0x100 ./Drivers/STM32F0xx_HAL_Driver/Src/stm32f0xx_hal_rcc.o
                0x0000000008002894                HAL_RCC_GetSysClockFreq
 .text.HAL_RCC_GetHCLKFreq
                0x0000000008002994       0x14 ./Drivers/STM32F0xx_HAL_Driver/Src/stm32f0xx_hal_rcc.o
                0x0000000008002994                HAL_RCC_GetHCLKFreq
 .text.HAL_RCC_GetPCLK1Freq
                0x00000000080029a8       0x2c ./Drivers/STM32F0xx_HAL_Driver/Src/stm32f0xx_hal_rcc.o
                0x00000000080029a8                HAL_RCC_GetPCLK1Freq
 .text.HAL_RCCEx_PeriphCLKConfig
                0x00000000080029d4      0x1dc ./Drivers/STM32F0xx_HAL_Driver/Src/stm32f0xx_hal_rcc_ex.o
                0x00000000080029d4                HAL_RCCEx_PeriphCLKConfig
 .text.HAL_SPI_Init
                0x0000000008002bb0      0x170 ./Drivers/STM32F0xx_HAL_Driver/Src/stm32f0xx_hal_spi.o
                0x0000000008002bb0                HAL_SPI_Init
 .text.HAL_SPI_IRQHandler
                0x0000000008002d20      0x1fc ./Drivers/STM32F0xx_HAL_Driver/Src/stm32f0xx_hal_spi.o
                0x0000000008002d20                HAL_SPI_IRQHandler
 .text.HAL_SPI_ErrorCallback
                0x0000000008002f1c       0x10 ./Drivers/STM32F0xx_HAL_Driver/Src/stm32f0xx_hal_spi.o
                0x0000000008002f1c                HAL_SPI_ErrorCallback
 .text.SPI_DMAAbortOnError
                0x0000000008002f2c       0x2c ./Drivers/STM32F0xx_HAL_Driver/Src/stm32f0xx_hal_spi.o
 .text.HAL_TIM_Base_Init
                0x0000000008002f58       0xa0 ./Drivers/STM32F0xx_HAL_Driver/Src/stm32f0xx_hal_tim.o
                0x0000000008002f58                HAL_TIM_Base_Init
 .text.HAL_TIM_IC_Init
                0x0000000008002ff8       0xa0 ./Drivers/STM32F0xx_HAL_Driver/Src/stm32f0xx_hal_tim.o
                0x0000000008002ff8                HAL_TIM_IC_Init
 .text.HAL_TIM_IC_ConfigChannel
                0x0000000008003098      0x148 ./Drivers/STM32F0xx_HAL_Driver/Src/stm32f0xx_hal_tim.o
                0x0000000008003098                HAL_TIM_IC_ConfigChannel
 .text.HAL_TIM_ConfigClockSource
                0x00000000080031e0      0x1a8 ./Drivers/STM32F0xx_HAL_Driver/Src/stm32f0xx_hal_tim.o
                0x00000000080031e0                HAL_TIM_ConfigClockSource
 .text.TIM_Base_SetConfig
                0x0000000008003388       0xec ./Drivers/STM32F0xx_HAL_Driver/Src/stm32f0xx_hal_tim.o
                0x0000000008003388                TIM_Base_SetConfig
 .text.TIM_TI1_SetConfig
                0x0000000008003474       0xac ./Drivers/STM32F0xx_HAL_Driver/Src/stm32f0xx_hal_tim.o
                0x0000000008003474                TIM_TI1_SetConfig
 .text.TIM_TI1_ConfigInputStage
                0x0000000008003520       0x5c ./Drivers/STM32F0xx_HAL_Driver/Src/stm32f0xx_hal_tim.o
 .text.TIM_TI2_SetConfig
                0x000000000800357c       0x84 ./Drivers/STM32F0xx_HAL_Driver/Src/stm32f0xx_hal_tim.o
 .text.TIM_TI2_ConfigInputStage
                0x0000000008003600       0x64 ./Drivers/STM32F0xx_HAL_Driver/Src/stm32f0xx_hal_tim.o
 .text.TIM_TI3_SetConfig
                0x0000000008003664       0x80 ./Drivers/STM32F0xx_HAL_Driver/Src/stm32f0xx_hal_tim.o
 .text.TIM_TI4_SetConfig
                0x00000000080036e4       0x8c ./Drivers/STM32F0xx_HAL_Driver/Src/stm32f0xx_hal_tim.o
 .text.TIM_ITRx_SetConfig
                0x0000000008003770       0x32 ./Drivers/STM32F0xx_HAL_Driver/Src/stm32f0xx_hal_tim.o
 *fill*         0x00000000080037a2        0x2 
 .text.TIM_ETR_SetConfig
                0x00000000080037a4       0x40 ./Drivers/STM32F0xx_HAL_Driver/Src/stm32f0xx_hal_tim.o
                0x00000000080037a4                TIM_ETR_SetConfig
 .text.HAL_TIMEx_MasterConfigSynchronization
                0x00000000080037e4       0xb0 ./Drivers/STM32F0xx_HAL_Driver/Src/stm32f0xx_hal_tim_ex.o
                0x00000000080037e4                HAL_TIMEx_MasterConfigSynchronization
 .text.HAL_UART_Init
                0x0000000008003894       0xa8 ./Drivers/STM32F0xx_HAL_Driver/Src/stm32f0xx_hal_uart.o
                0x0000000008003894                HAL_UART_Init
 .text.HAL_UART_IRQHandler
                0x000000000800393c      0x5b0 ./Drivers/STM32F0xx_HAL_Driver/Src/stm32f0xx_hal_uart.o
                0x000000000800393c                HAL_UART_IRQHandler
 .text.HAL_UART_TxCpltCallback
                0x0000000008003eec       0x10 ./Drivers/STM32F0xx_HAL_Driver/Src/stm32f0xx_hal_uart.o
                0x0000000008003eec                HAL_UART_TxCpltCallback
 .text.HAL_UART_ErrorCallback
                0x0000000008003efc       0x10 ./Drivers/STM32F0xx_HAL_Driver/Src/stm32f0xx_hal_uart.o
                0x0000000008003efc                HAL_UART_ErrorCallback
 .text.HAL_UARTEx_RxEventCallback
                0x0000000008003f0c       0x16 ./Drivers/STM32F0xx_HAL_Driver/Src/stm32f0xx_hal_uart.o
                0x0000000008003f0c                HAL_UARTEx_RxEventCallback
 *fill*         0x0000000008003f22        0x2 
 .text.UART_SetConfig
                0x0000000008003f24      0x280 ./Drivers/STM32F0xx_HAL_Driver/Src/stm32f0xx_hal_uart.o
                0x0000000008003f24                UART_SetConfig
 .text.UART_AdvFeatureConfig
                0x00000000080041a4      0x168 ./Drivers/STM32F0xx_HAL_Driver/Src/stm32f0xx_hal_uart.o
                0x00000000080041a4                UART_AdvFeatureConfig
 .text.UART_CheckIdleState
                0x000000000800430c       0x90 ./Drivers/STM32F0xx_HAL_Driver/Src/stm32f0xx_hal_uart.o
                0x000000000800430c                UART_CheckIdleState
 .text.UART_WaitOnFlagUntilTimeout
                0x000000000800439c      0x188 ./Drivers/STM32F0xx_HAL_Driver/Src/stm32f0xx_hal_uart.o
                0x000000000800439c                UART_WaitOnFlagUntilTimeout
 .text.UART_EndRxTransfer
                0x0000000008004524       0xc4 ./Drivers/STM32F0xx_HAL_Driver/Src/stm32f0xx_hal_uart.o
 .text.UART_DMAAbortOnError
                0x00000000080045e8       0x2e ./Drivers/STM32F0xx_HAL_Driver/Src/stm32f0xx_hal_uart.o
 .text.UART_EndTransmit_IT
                0x0000000008004616       0x56 ./Drivers/STM32F0xx_HAL_Driver/Src/stm32f0xx_hal_uart.o
 .text.HAL_UARTEx_WakeupCallback
                0x000000000800466c       0x10 ./Drivers/STM32F0xx_HAL_Driver/Src/stm32f0xx_hal_uart_ex.o
                0x000000000800466c                HAL_UARTEx_WakeupCallback
 .text.__libc_init_array
                0x000000000800467c       0x48 s:/st/stm32cubeide_1.8.0/stm32cubeide/plugins/com.st.stm32cube.ide.mcu.externaltools.gnu-tools-for-stm32.9-2020-q2-update.win32_2.0.0.202105311346/tools/bin/../lib/gcc/arm-none-eabi/9.3.1/../../../../arm-none-eabi/lib/thumb/v6-m/nofp\libc_nano.a(lib_a-init.o)
                0x000000000800467c                __libc_init_array
 .text.memset   0x00000000080046c4       0x10 s:/st/stm32cubeide_1.8.0/stm32cubeide/plugins/com.st.stm32cube.ide.mcu.externaltools.gnu-tools-for-stm32.9-2020-q2-update.win32_2.0.0.202105311346/tools/bin/../lib/gcc/arm-none-eabi/9.3.1/../../../../arm-none-eabi/lib/thumb/v6-m/nofp\libc_nano.a(lib_a-memset.o)
                0x00000000080046c4                memset
 *(.glue_7)
 .glue_7        0x00000000080046d4        0x0 linker stubs
 *(.glue_7t)
 .glue_7t       0x00000000080046d4        0x0 linker stubs
 *(.eh_frame)
 .eh_frame      0x00000000080046d4        0x0 s:/st/stm32cubeide_1.8.0/stm32cubeide/plugins/com.st.stm32cube.ide.mcu.externaltools.gnu-tools-for-stm32.9-2020-q2-update.win32_2.0.0.202105311346/tools/bin/../lib/gcc/arm-none-eabi/9.3.1/thumb/v6-m/nofp/crtbegin.o
 *(.init)
 .init          0x00000000080046d4        0x4 s:/st/stm32cubeide_1.8.0/stm32cubeide/plugins/com.st.stm32cube.ide.mcu.externaltools.gnu-tools-for-stm32.9-2020-q2-update.win32_2.0.0.202105311346/tools/bin/../lib/gcc/arm-none-eabi/9.3.1/thumb/v6-m/nofp/crti.o
                0x00000000080046d4                _init
 .init          0x00000000080046d8        0x8 s:/st/stm32cubeide_1.8.0/stm32cubeide/plugins/com.st.stm32cube.ide.mcu.externaltools.gnu-tools-for-stm32.9-2020-q2-update.win32_2.0.0.202105311346/tools/bin/../lib/gcc/arm-none-eabi/9.3.1/thumb/v6-m/nofp/crtn.o
 *(.fini)
 .fini          0x00000000080046e0        0x4 s:/st/stm32cubeide_1.8.0/stm32cubeide/plugins/com.st.stm32cube.ide.mcu.externaltools.gnu-tools-for-stm32.9-2020-q2-update.win32_2.0.0.202105311346/tools/bin/../lib/gcc/arm-none-eabi/9.3.1/thumb/v6-m/nofp/crti.o
                0x00000000080046e0                _fini
 .fini          0x00000000080046e4        0x8 s:/st/stm32cubeide_1.8.0/stm32cubeide/plugins/com.st.stm32cube.ide.mcu.externaltools.gnu-tools-for-stm32.9-2020-q2-update.win32_2.0.0.202105311346/tools/bin/../lib/gcc/arm-none-eabi/9.3.1/thumb/v6-m/nofp/crtn.o
                0x00000000080046ec                . = ALIGN (0x4)
                0x00000000080046ec                _etext = .

.vfp11_veneer   0x00000000080046ec        0x0
 .vfp11_veneer  0x00000000080046ec        0x0 linker stubs

.v4_bx          0x00000000080046ec        0x0
 .v4_bx         0x00000000080046ec        0x0 linker stubs

.iplt           0x00000000080046ec        0x0
 .iplt          0x00000000080046ec        0x0 s:/st/stm32cubeide_1.8.0/stm32cubeide/plugins/com.st.stm32cube.ide.mcu.externaltools.gnu-tools-for-stm32.9-2020-q2-update.win32_2.0.0.202105311346/tools/bin/../lib/gcc/arm-none-eabi/9.3.1/thumb/v6-m/nofp/crtbegin.o

.rodata         0x00000000080046ec       0x38
                0x00000000080046ec                . = ALIGN (0x4)
 *(.rodata)
 .rodata        0x00000000080046ec       0x20 ./Drivers/STM32F0xx_HAL_Driver/Src/stm32f0xx_hal_rcc.o
 *(.rodata*)
 .rodata.AHBPrescTable
                0x000000000800470c       0x10 ./Core/Src/system_stm32f0xx.o
                0x000000000800470c                AHBPrescTable
 .rodata.APBPrescTable
                0x000000000800471c        0x8 ./Core/Src/system_stm32f0xx.o
                0x000000000800471c                APBPrescTable
                0x0000000008004724                . = ALIGN (0x4)

.rel.dyn        0x0000000008004724        0x0
 .rel.iplt      0x0000000008004724        0x0 s:/st/stm32cubeide_1.8.0/stm32cubeide/plugins/com.st.stm32cube.ide.mcu.externaltools.gnu-tools-for-stm32.9-2020-q2-update.win32_2.0.0.202105311346/tools/bin/../lib/gcc/arm-none-eabi/9.3.1/thumb/v6-m/nofp/crtbegin.o

.ARM.extab      0x0000000008004724        0x0
                0x0000000008004724                . = ALIGN (0x4)
 *(.ARM.extab* .gnu.linkonce.armextab.*)
                0x0000000008004724                . = ALIGN (0x4)

.ARM            0x0000000008004724        0x0
                0x0000000008004724                . = ALIGN (0x4)
                0x0000000008004724                __exidx_start = .
 *(.ARM.exidx*)
                0x0000000008004724                __exidx_end = .
                0x0000000008004724                . = ALIGN (0x4)

.preinit_array  0x0000000008004724        0x0
                0x0000000008004724                . = ALIGN (0x4)
                0x0000000008004724                PROVIDE (__preinit_array_start = .)
 *(.preinit_array*)
                0x0000000008004724                PROVIDE (__preinit_array_end = .)
                0x0000000008004724                . = ALIGN (0x4)

.init_array     0x0000000008004724        0x4
                0x0000000008004724                . = ALIGN (0x4)
                0x0000000008004724                PROVIDE (__init_array_start = .)
 *(SORT_BY_NAME(.init_array.*))
 *(.init_array*)
 .init_array    0x0000000008004724        0x4 s:/st/stm32cubeide_1.8.0/stm32cubeide/plugins/com.st.stm32cube.ide.mcu.externaltools.gnu-tools-for-stm32.9-2020-q2-update.win32_2.0.0.202105311346/tools/bin/../lib/gcc/arm-none-eabi/9.3.1/thumb/v6-m/nofp/crtbegin.o
                0x0000000008004728                PROVIDE (__init_array_end = .)
                0x0000000008004728                . = ALIGN (0x4)

.fini_array     0x0000000008004728        0x4
                0x0000000008004728                . = ALIGN (0x4)
                [!provide]                        PROVIDE (__fini_array_start = .)
 *(SORT_BY_NAME(.fini_array.*))
 *(.fini_array*)
 .fini_array    0x0000000008004728        0x4 s:/st/stm32cubeide_1.8.0/stm32cubeide/plugins/com.st.stm32cube.ide.mcu.externaltools.gnu-tools-for-stm32.9-2020-q2-update.win32_2.0.0.202105311346/tools/bin/../lib/gcc/arm-none-eabi/9.3.1/thumb/v6-m/nofp/crtbegin.o
                [!provide]                        PROVIDE (__fini_array_end = .)
                0x000000000800472c                . = ALIGN (0x4)
                0x000000000800472c                _sidata = LOADADDR (.data)

.data           0x0000000020000000        0xc load address 0x000000000800472c
                0x0000000020000000                . = ALIGN (0x4)
                0x0000000020000000                _sdata = .
 *(.data)
 *(.data*)
 .data.SystemCoreClock
                0x0000000020000000        0x4 ./Core/Src/system_stm32f0xx.o
                0x0000000020000000                SystemCoreClock
 .data.uwTickPrio
                0x0000000020000004        0x4 ./Drivers/STM32F0xx_HAL_Driver/Src/stm32f0xx_hal.o
                0x0000000020000004                uwTickPrio
 .data.uwTickFreq
                0x0000000020000008        0x1 ./Drivers/STM32F0xx_HAL_Driver/Src/stm32f0xx_hal.o
                0x0000000020000008                uwTickFreq
 *(.RamFunc)
 *(.RamFunc*)
                0x000000002000000c                . = ALIGN (0x4)
 *fill*         0x0000000020000009        0x3 
                0x000000002000000c                _edata = .

.igot.plt       0x000000002000000c        0x0 load address 0x0000000008004738
 .igot.plt      0x000000002000000c        0x0 s:/st/stm32cubeide_1.8.0/stm32cubeide/plugins/com.st.stm32cube.ide.mcu.externaltools.gnu-tools-for-stm32.9-2020-q2-update.win32_2.0.0.202105311346/tools/bin/../lib/gcc/arm-none-eabi/9.3.1/thumb/v6-m/nofp/crtbegin.o
                0x000000002000000c                . = ALIGN (0x4)

.bss            0x000000002000000c      0x208 load address 0x0000000008004738
                0x000000002000000c                _sbss = .
                0x000000002000000c                __bss_start__ = _sbss
 *(.bss)
 .bss           0x000000002000000c       0x1c s:/st/stm32cubeide_1.8.0/stm32cubeide/plugins/com.st.stm32cube.ide.mcu.externaltools.gnu-tools-for-stm32.9-2020-q2-update.win32_2.0.0.202105311346/tools/bin/../lib/gcc/arm-none-eabi/9.3.1/thumb/v6-m/nofp/crtbegin.o
 *(.bss*)
 *(COMMON)
 COMMON         0x0000000020000028      0x1e8 ./Core/Src/main.o
                0x0000000020000028                hi2c1
                0x0000000020000074                LED_blue_array
                0x0000000020000080                htim3
                0x00000000200000c8                huart1
                0x000000002000014c                LED_red_array
                0x0000000020000158                htim1
                0x00000000200001a0                LED_green_array
                0x00000000200001ac                hspi1
 COMMON         0x0000000020000210        0x4 ./Drivers/STM32F0xx_HAL_Driver/Src/stm32f0xx_hal.o
                0x0000000020000210                uwTick
                0x0000000020000214                . = ALIGN (0x4)
                0x0000000020000214                _ebss = .
                0x0000000020000214                __bss_end__ = _ebss

._user_heap_stack
                0x0000000020000214      0x604 load address 0x0000000008004738
                0x0000000020000218                . = ALIGN (0x8)
 *fill*         0x0000000020000214        0x4 
                [!provide]                        PROVIDE (end = .)
                0x0000000020000218                PROVIDE (_end = .)
                0x0000000020000418                . = (. + _Min_Heap_Size)
 *fill*         0x0000000020000218      0x200 
                0x0000000020000818                . = (. + _Min_Stack_Size)
 *fill*         0x0000000020000418      0x400 
                0x0000000020000818                . = ALIGN (0x8)

/DISCARD/
 libc.a(*)
 libm.a(*)
 libgcc.a(*)

.ARM.attributes
                0x0000000000000000       0x28
 *(.ARM.attributes)
 .ARM.attributes
                0x0000000000000000       0x1e s:/st/stm32cubeide_1.8.0/stm32cubeide/plugins/com.st.stm32cube.ide.mcu.externaltools.gnu-tools-for-stm32.9-2020-q2-update.win32_2.0.0.202105311346/tools/bin/../lib/gcc/arm-none-eabi/9.3.1/thumb/v6-m/nofp/crti.o
 .ARM.attributes
                0x000000000000001e       0x2c s:/st/stm32cubeide_1.8.0/stm32cubeide/plugins/com.st.stm32cube.ide.mcu.externaltools.gnu-tools-for-stm32.9-2020-q2-update.win32_2.0.0.202105311346/tools/bin/../lib/gcc/arm-none-eabi/9.3.1/thumb/v6-m/nofp/crtbegin.o
 .ARM.attributes
                0x000000000000004a       0x2c ./Core/Src/main.o
 .ARM.attributes
                0x0000000000000076       0x2c ./Core/Src/stm32f0xx_hal_msp.o
 .ARM.attributes
                0x00000000000000a2       0x2c ./Core/Src/stm32f0xx_it.o
 .ARM.attributes
                0x00000000000000ce       0x2c ./Core/Src/system_stm32f0xx.o
 .ARM.attributes
                0x00000000000000fa       0x21 ./Core/Startup/startup_stm32f042k6tx.o
 .ARM.attributes
                0x000000000000011b       0x2c ./Drivers/STM32F0xx_HAL_Driver/Src/stm32f0xx_hal.o
 .ARM.attributes
                0x0000000000000147       0x2c ./Drivers/STM32F0xx_HAL_Driver/Src/stm32f0xx_hal_cortex.o
 .ARM.attributes
                0x0000000000000173       0x2c ./Drivers/STM32F0xx_HAL_Driver/Src/stm32f0xx_hal_dma.o
 .ARM.attributes
                0x000000000000019f       0x2c ./Drivers/STM32F0xx_HAL_Driver/Src/stm32f0xx_hal_gpio.o
 .ARM.attributes
                0x00000000000001cb       0x2c ./Drivers/STM32F0xx_HAL_Driver/Src/stm32f0xx_hal_i2c.o
 .ARM.attributes
                0x00000000000001f7       0x2c ./Drivers/STM32F0xx_HAL_Driver/Src/stm32f0xx_hal_i2c_ex.o
 .ARM.attributes
                0x0000000000000223       0x2c ./Drivers/STM32F0xx_HAL_Driver/Src/stm32f0xx_hal_rcc.o
 .ARM.attributes
                0x000000000000024f       0x2c ./Drivers/STM32F0xx_HAL_Driver/Src/stm32f0xx_hal_rcc_ex.o
 .ARM.attributes
                0x000000000000027b       0x2c ./Drivers/STM32F0xx_HAL_Driver/Src/stm32f0xx_hal_spi.o
 .ARM.attributes
                0x00000000000002a7       0x2c ./Drivers/STM32F0xx_HAL_Driver/Src/stm32f0xx_hal_tim.o
 .ARM.attributes
                0x00000000000002d3       0x2c ./Drivers/STM32F0xx_HAL_Driver/Src/stm32f0xx_hal_tim_ex.o
 .ARM.attributes
                0x00000000000002ff       0x2c ./Drivers/STM32F0xx_HAL_Driver/Src/stm32f0xx_hal_uart.o
 .ARM.attributes
                0x000000000000032b       0x2c ./Drivers/STM32F0xx_HAL_Driver/Src/stm32f0xx_hal_uart_ex.o
 .ARM.attributes
                0x0000000000000357       0x2c s:/st/stm32cubeide_1.8.0/stm32cubeide/plugins/com.st.stm32cube.ide.mcu.externaltools.gnu-tools-for-stm32.9-2020-q2-update.win32_2.0.0.202105311346/tools/bin/../lib/gcc/arm-none-eabi/9.3.1/../../../../arm-none-eabi/lib/thumb/v6-m/nofp\libc_nano.a(lib_a-init.o)
 .ARM.attributes
                0x0000000000000383       0x2c s:/st/stm32cubeide_1.8.0/stm32cubeide/plugins/com.st.stm32cube.ide.mcu.externaltools.gnu-tools-for-stm32.9-2020-q2-update.win32_2.0.0.202105311346/tools/bin/../lib/gcc/arm-none-eabi/9.3.1/../../../../arm-none-eabi/lib/thumb/v6-m/nofp\libc_nano.a(lib_a-memset.o)
 .ARM.attributes
                0x00000000000003af       0x1e s:/st/stm32cubeide_1.8.0/stm32cubeide/plugins/com.st.stm32cube.ide.mcu.externaltools.gnu-tools-for-stm32.9-2020-q2-update.win32_2.0.0.202105311346/tools/bin/../lib/gcc/arm-none-eabi/9.3.1/thumb/v6-m/nofp\libgcc.a(_udivsi3.o)
 .ARM.attributes
                0x00000000000003cd       0x1e s:/st/stm32cubeide_1.8.0/stm32cubeide/plugins/com.st.stm32cube.ide.mcu.externaltools.gnu-tools-for-stm32.9-2020-q2-update.win32_2.0.0.202105311346/tools/bin/../lib/gcc/arm-none-eabi/9.3.1/thumb/v6-m/nofp\libgcc.a(_dvmd_tls.o)
 .ARM.attributes
                0x00000000000003eb       0x1e s:/st/stm32cubeide_1.8.0/stm32cubeide/plugins/com.st.stm32cube.ide.mcu.externaltools.gnu-tools-for-stm32.9-2020-q2-update.win32_2.0.0.202105311346/tools/bin/../lib/gcc/arm-none-eabi/9.3.1/thumb/v6-m/nofp/crtn.o
OUTPUT(Coffee_table.elf elf32-littlearm)
LOAD linker stubs
LOAD s:/st/stm32cubeide_1.8.0/stm32cubeide/plugins/com.st.stm32cube.ide.mcu.externaltools.gnu-tools-for-stm32.9-2020-q2-update.win32_2.0.0.202105311346/tools/bin/../lib/gcc/arm-none-eabi/9.3.1/../../../../arm-none-eabi/lib/thumb/v6-m/nofp\libc.a
LOAD s:/st/stm32cubeide_1.8.0/stm32cubeide/plugins/com.st.stm32cube.ide.mcu.externaltools.gnu-tools-for-stm32.9-2020-q2-update.win32_2.0.0.202105311346/tools/bin/../lib/gcc/arm-none-eabi/9.3.1/../../../../arm-none-eabi/lib/thumb/v6-m/nofp\libm.a
LOAD s:/st/stm32cubeide_1.8.0/stm32cubeide/plugins/com.st.stm32cube.ide.mcu.externaltools.gnu-tools-for-stm32.9-2020-q2-update.win32_2.0.0.202105311346/tools/bin/../lib/gcc/arm-none-eabi/9.3.1/thumb/v6-m/nofp\libgcc.a

.debug_info     0x0000000000000000    0x13654
 .debug_info    0x0000000000000000     0x1701 ./Core/Src/main.o
 .debug_info    0x0000000000001701     0x15aa ./Core/Src/stm32f0xx_hal_msp.o
 .debug_info    0x0000000000002cab      0xd49 ./Core/Src/stm32f0xx_it.o
 .debug_info    0x00000000000039f4      0x2c3 ./Core/Src/system_stm32f0xx.o
 .debug_info    0x0000000000003cb7       0x22 ./Core/Startup/startup_stm32f042k6tx.o
 .debug_info    0x0000000000003cd9      0x6f4 ./Drivers/STM32F0xx_HAL_Driver/Src/stm32f0xx_hal.o
 .debug_info    0x00000000000043cd      0x7ca ./Drivers/STM32F0xx_HAL_Driver/Src/stm32f0xx_hal_cortex.o
 .debug_info    0x0000000000004b97      0x814 ./Drivers/STM32F0xx_HAL_Driver/Src/stm32f0xx_hal_dma.o
 .debug_info    0x00000000000053ab      0x6ed ./Drivers/STM32F0xx_HAL_Driver/Src/stm32f0xx_hal_gpio.o
 .debug_info    0x0000000000005a98     0x219f ./Drivers/STM32F0xx_HAL_Driver/Src/stm32f0xx_hal_i2c.o
 .debug_info    0x0000000000007c37      0x951 ./Drivers/STM32F0xx_HAL_Driver/Src/stm32f0xx_hal_i2c_ex.o
 .debug_info    0x0000000000008588      0x8b1 ./Drivers/STM32F0xx_HAL_Driver/Src/stm32f0xx_hal_rcc.o
 .debug_info    0x0000000000008e39      0x6c6 ./Drivers/STM32F0xx_HAL_Driver/Src/stm32f0xx_hal_rcc_ex.o
 .debug_info    0x00000000000094ff     0x17c1 ./Drivers/STM32F0xx_HAL_Driver/Src/stm32f0xx_hal_spi.o
 .debug_info    0x000000000000acc0     0x2bb3 ./Drivers/STM32F0xx_HAL_Driver/Src/stm32f0xx_hal_tim.o
 .debug_info    0x000000000000d873     0x1533 ./Drivers/STM32F0xx_HAL_Driver/Src/stm32f0xx_hal_tim_ex.o
 .debug_info    0x000000000000eda6     0x3c1f ./Drivers/STM32F0xx_HAL_Driver/Src/stm32f0xx_hal_uart.o
 .debug_info    0x00000000000129c5      0xc8f ./Drivers/STM32F0xx_HAL_Driver/Src/stm32f0xx_hal_uart_ex.o

.debug_abbrev   0x0000000000000000     0x257b
 .debug_abbrev  0x0000000000000000      0x2ab ./Core/Src/main.o
 .debug_abbrev  0x00000000000002ab      0x249 ./Core/Src/stm32f0xx_hal_msp.o
 .debug_abbrev  0x00000000000004f4      0x17f ./Core/Src/stm32f0xx_it.o
 .debug_abbrev  0x0000000000000673      0x145 ./Core/Src/system_stm32f0xx.o
 .debug_abbrev  0x00000000000007b8       0x12 ./Core/Startup/startup_stm32f042k6tx.o
 .debug_abbrev  0x00000000000007ca      0x21e ./Drivers/STM32F0xx_HAL_Driver/Src/stm32f0xx_hal.o
 .debug_abbrev  0x00000000000009e8      0x2a9 ./Drivers/STM32F0xx_HAL_Driver/Src/stm32f0xx_hal_cortex.o
 .debug_abbrev  0x0000000000000c91      0x242 ./Drivers/STM32F0xx_HAL_Driver/Src/stm32f0xx_hal_dma.o
 .debug_abbrev  0x0000000000000ed3      0x1e8 ./Drivers/STM32F0xx_HAL_Driver/Src/stm32f0xx_hal_gpio.o
 .debug_abbrev  0x00000000000010bb      0x256 ./Drivers/STM32F0xx_HAL_Driver/Src/stm32f0xx_hal_i2c.o
 .debug_abbrev  0x0000000000001311      0x1dd ./Drivers/STM32F0xx_HAL_Driver/Src/stm32f0xx_hal_i2c_ex.o
 .debug_abbrev  0x00000000000014ee      0x23b ./Drivers/STM32F0xx_HAL_Driver/Src/stm32f0xx_hal_rcc.o
 .debug_abbrev  0x0000000000001729      0x1fa ./Drivers/STM32F0xx_HAL_Driver/Src/stm32f0xx_hal_rcc_ex.o
 .debug_abbrev  0x0000000000001923      0x254 ./Drivers/STM32F0xx_HAL_Driver/Src/stm32f0xx_hal_spi.o
 .debug_abbrev  0x0000000000001b77      0x25e ./Drivers/STM32F0xx_HAL_Driver/Src/stm32f0xx_hal_tim.o
 .debug_abbrev  0x0000000000001dd5      0x266 ./Drivers/STM32F0xx_HAL_Driver/Src/stm32f0xx_hal_tim_ex.o
 .debug_abbrev  0x000000000000203b      0x2b1 ./Drivers/STM32F0xx_HAL_Driver/Src/stm32f0xx_hal_uart.o
 .debug_abbrev  0x00000000000022ec      0x28f ./Drivers/STM32F0xx_HAL_Driver/Src/stm32f0xx_hal_uart_ex.o

.debug_aranges  0x0000000000000000     0x1160
 .debug_aranges
                0x0000000000000000       0x68 ./Core/Src/main.o
 .debug_aranges
                0x0000000000000068       0x70 ./Core/Src/stm32f0xx_hal_msp.o
 .debug_aranges
                0x00000000000000d8       0x58 ./Core/Src/stm32f0xx_it.o
 .debug_aranges
                0x0000000000000130       0x28 ./Core/Src/system_stm32f0xx.o
 .debug_aranges
                0x0000000000000158       0x28 ./Core/Startup/startup_stm32f042k6tx.o
 .debug_aranges
                0x0000000000000180       0xd0 ./Drivers/STM32F0xx_HAL_Driver/Src/stm32f0xx_hal.o
 .debug_aranges
                0x0000000000000250       0xc0 ./Drivers/STM32F0xx_HAL_Driver/Src/stm32f0xx_hal_cortex.o
 .debug_aranges
                0x0000000000000310       0x88 ./Drivers/STM32F0xx_HAL_Driver/Src/stm32f0xx_hal_dma.o
 .debug_aranges
                0x0000000000000398       0x58 ./Drivers/STM32F0xx_HAL_Driver/Src/stm32f0xx_hal_gpio.o
 .debug_aranges
                0x00000000000003f0      0x290 ./Drivers/STM32F0xx_HAL_Driver/Src/stm32f0xx_hal_i2c.o
 .debug_aranges
                0x0000000000000680       0x48 ./Drivers/STM32F0xx_HAL_Driver/Src/stm32f0xx_hal_i2c_ex.o
 .debug_aranges
                0x00000000000006c8       0x80 ./Drivers/STM32F0xx_HAL_Driver/Src/stm32f0xx_hal_rcc.o
 .debug_aranges
                0x0000000000000748       0x78 ./Drivers/STM32F0xx_HAL_Driver/Src/stm32f0xx_hal_rcc_ex.o
 .debug_aranges
                0x00000000000007c0      0x1d8 ./Drivers/STM32F0xx_HAL_Driver/Src/stm32f0xx_hal_spi.o
 .debug_aranges
                0x0000000000000998      0x3d0 ./Drivers/STM32F0xx_HAL_Driver/Src/stm32f0xx_hal_tim.o
 .debug_aranges
                0x0000000000000d68      0x168 ./Drivers/STM32F0xx_HAL_Driver/Src/stm32f0xx_hal_tim_ex.o
 .debug_aranges
                0x0000000000000ed0      0x228 ./Drivers/STM32F0xx_HAL_Driver/Src/stm32f0xx_hal_uart.o
 .debug_aranges
                0x00000000000010f8       0x68 ./Drivers/STM32F0xx_HAL_Driver/Src/stm32f0xx_hal_uart_ex.o

.debug_ranges   0x0000000000000000     0x1078
 .debug_ranges  0x0000000000000000       0x58 ./Core/Src/main.o
 .debug_ranges  0x0000000000000058       0x60 ./Core/Src/stm32f0xx_hal_msp.o
 .debug_ranges  0x00000000000000b8       0x48 ./Core/Src/stm32f0xx_it.o
 .debug_ranges  0x0000000000000100       0x18 ./Core/Src/system_stm32f0xx.o
 .debug_ranges  0x0000000000000118       0x20 ./Core/Startup/startup_stm32f042k6tx.o
 .debug_ranges  0x0000000000000138       0xc0 ./Drivers/STM32F0xx_HAL_Driver/Src/stm32f0xx_hal.o
 .debug_ranges  0x00000000000001f8       0xb0 ./Drivers/STM32F0xx_HAL_Driver/Src/stm32f0xx_hal_cortex.o
 .debug_ranges  0x00000000000002a8       0x78 ./Drivers/STM32F0xx_HAL_Driver/Src/stm32f0xx_hal_dma.o
 .debug_ranges  0x0000000000000320       0x48 ./Drivers/STM32F0xx_HAL_Driver/Src/stm32f0xx_hal_gpio.o
 .debug_ranges  0x0000000000000368      0x280 ./Drivers/STM32F0xx_HAL_Driver/Src/stm32f0xx_hal_i2c.o
 .debug_ranges  0x00000000000005e8       0x38 ./Drivers/STM32F0xx_HAL_Driver/Src/stm32f0xx_hal_i2c_ex.o
 .debug_ranges  0x0000000000000620       0x70 ./Drivers/STM32F0xx_HAL_Driver/Src/stm32f0xx_hal_rcc.o
 .debug_ranges  0x0000000000000690       0x68 ./Drivers/STM32F0xx_HAL_Driver/Src/stm32f0xx_hal_rcc_ex.o
 .debug_ranges  0x00000000000006f8      0x1c8 ./Drivers/STM32F0xx_HAL_Driver/Src/stm32f0xx_hal_spi.o
 .debug_ranges  0x00000000000008c0      0x3c0 ./Drivers/STM32F0xx_HAL_Driver/Src/stm32f0xx_hal_tim.o
 .debug_ranges  0x0000000000000c80      0x158 ./Drivers/STM32F0xx_HAL_Driver/Src/stm32f0xx_hal_tim_ex.o
 .debug_ranges  0x0000000000000dd8      0x248 ./Drivers/STM32F0xx_HAL_Driver/Src/stm32f0xx_hal_uart.o
 .debug_ranges  0x0000000000001020       0x58 ./Drivers/STM32F0xx_HAL_Driver/Src/stm32f0xx_hal_uart_ex.o

.debug_macro    0x0000000000000000    0x18d5c
 .debug_macro   0x0000000000000000      0x1ef ./Core/Src/main.o
 .debug_macro   0x00000000000001ef      0xa7e ./Core/Src/main.o
 .debug_macro   0x0000000000000c6d      0x139 ./Core/Src/main.o
 .debug_macro   0x0000000000000da6       0x2e ./Core/Src/main.o
 .debug_macro   0x0000000000000dd4       0x22 ./Core/Src/main.o
 .debug_macro   0x0000000000000df6       0x22 ./Core/Src/main.o
 .debug_macro   0x0000000000000e18       0x8e ./Core/Src/main.o
 .debug_macro   0x0000000000000ea6       0x51 ./Core/Src/main.o
 .debug_macro   0x0000000000000ef7      0x103 ./Core/Src/main.o
 .debug_macro   0x0000000000000ffa       0x6a ./Core/Src/main.o
 .debug_macro   0x0000000000001064      0x1df ./Core/Src/main.o
 .debug_macro   0x0000000000001243       0x1c ./Core/Src/main.o
 .debug_macro   0x000000000000125f       0x22 ./Core/Src/main.o
 .debug_macro   0x0000000000001281       0xb5 ./Core/Src/main.o
 .debug_macro   0x0000000000001336      0x391 ./Core/Src/main.o
 .debug_macro   0x00000000000016c7     0xf1ed ./Core/Src/main.o
 .debug_macro   0x00000000000108b4       0x66 ./Core/Src/main.o
 .debug_macro   0x000000000001091a     0x34a6 ./Core/Src/main.o
 .debug_macro   0x0000000000013dc0      0x174 ./Core/Src/main.o
 .debug_macro   0x0000000000013f34       0x55 ./Core/Src/main.o
 .debug_macro   0x0000000000013f89      0x946 ./Core/Src/main.o
 .debug_macro   0x00000000000148cf      0x46b ./Core/Src/main.o
 .debug_macro   0x0000000000014d3a      0x1af ./Core/Src/main.o
 .debug_macro   0x0000000000014ee9      0x130 ./Core/Src/main.o
 .debug_macro   0x0000000000015019      0x199 ./Core/Src/main.o
 .debug_macro   0x00000000000151b2      0x1ed ./Core/Src/main.o
 .debug_macro   0x000000000001539f       0x34 ./Core/Src/main.o
 .debug_macro   0x00000000000153d3       0x43 ./Core/Src/main.o
 .debug_macro   0x0000000000015416       0x28 ./Core/Src/main.o
 .debug_macro   0x000000000001543e       0xb0 ./Core/Src/main.o
 .debug_macro   0x00000000000154ee      0x182 ./Core/Src/main.o
 .debug_macro   0x0000000000015670      0x22c ./Core/Src/main.o
 .debug_macro   0x000000000001589c       0x61 ./Core/Src/main.o
 .debug_macro   0x00000000000158fd       0xa5 ./Core/Src/main.o
 .debug_macro   0x00000000000159a2       0x4c ./Core/Src/main.o
 .debug_macro   0x00000000000159ee      0x15b ./Core/Src/main.o
 .debug_macro   0x0000000000015b49      0x2fe ./Core/Src/main.o
 .debug_macro   0x0000000000015e47      0x8d8 ./Core/Src/main.o
 .debug_macro   0x000000000001671f       0x28 ./Core/Src/main.o
 .debug_macro   0x0000000000016747      0x5a5 ./Core/Src/main.o
 .debug_macro   0x0000000000016cec       0x44 ./Core/Src/main.o
 .debug_macro   0x0000000000016d30      0x12e ./Core/Src/main.o
 .debug_macro   0x0000000000016e5e       0x1c ./Core/Src/main.o
 .debug_macro   0x0000000000016e7a       0x10 ./Core/Src/main.o
 .debug_macro   0x0000000000016e8a      0x1e6 ./Core/Src/stm32f0xx_hal_msp.o
 .debug_macro   0x0000000000017070      0x1f0 ./Core/Src/stm32f0xx_it.o
 .debug_macro   0x0000000000017260      0x1d7 ./Core/Src/system_stm32f0xx.o
 .debug_macro   0x0000000000017437      0x1fb ./Drivers/STM32F0xx_HAL_Driver/Src/stm32f0xx_hal.o
 .debug_macro   0x0000000000017632      0x1d7 ./Drivers/STM32F0xx_HAL_Driver/Src/stm32f0xx_hal_cortex.o
 .debug_macro   0x0000000000017809      0x1d7 ./Drivers/STM32F0xx_HAL_Driver/Src/stm32f0xx_hal_dma.o
 .debug_macro   0x00000000000179e0      0x1de ./Drivers/STM32F0xx_HAL_Driver/Src/stm32f0xx_hal_gpio.o
 .debug_macro   0x0000000000017bbe      0x29c ./Drivers/STM32F0xx_HAL_Driver/Src/stm32f0xx_hal_i2c.o
 .debug_macro   0x0000000000017e5a      0x1d7 ./Drivers/STM32F0xx_HAL_Driver/Src/stm32f0xx_hal_i2c_ex.o
 .debug_macro   0x0000000000018031      0x1e9 ./Drivers/STM32F0xx_HAL_Driver/Src/stm32f0xx_hal_rcc.o
 .debug_macro   0x000000000001821a      0x1e9 ./Drivers/STM32F0xx_HAL_Driver/Src/stm32f0xx_hal_rcc_ex.o
 .debug_macro   0x0000000000018403      0x1df ./Drivers/STM32F0xx_HAL_Driver/Src/stm32f0xx_hal_spi.o
 .debug_macro   0x00000000000185e2      0x1d8 ./Drivers/STM32F0xx_HAL_Driver/Src/stm32f0xx_hal_tim.o
 .debug_macro   0x00000000000187ba      0x1d7 ./Drivers/STM32F0xx_HAL_Driver/Src/stm32f0xx_hal_tim_ex.o
 .debug_macro   0x0000000000018991      0x1f4 ./Drivers/STM32F0xx_HAL_Driver/Src/stm32f0xx_hal_uart.o
 .debug_macro   0x0000000000018b85      0x1d7 ./Drivers/STM32F0xx_HAL_Driver/Src/stm32f0xx_hal_uart_ex.o

.debug_line     0x0000000000000000    0x149f2
 .debug_line    0x0000000000000000      0x9cb ./Core/Src/main.o
 .debug_line    0x00000000000009cb      0x889 ./Core/Src/stm32f0xx_hal_msp.o
 .debug_line    0x0000000000001254      0x7d2 ./Core/Src/stm32f0xx_it.o
 .debug_line    0x0000000000001a26      0x79b ./Core/Src/system_stm32f0xx.o
 .debug_line    0x00000000000021c1       0x9b ./Core/Startup/startup_stm32f042k6tx.o
 .debug_line    0x000000000000225c      0x98e ./Drivers/STM32F0xx_HAL_Driver/Src/stm32f0xx_hal.o
 .debug_line    0x0000000000002bea      0xa3a ./Drivers/STM32F0xx_HAL_Driver/Src/stm32f0xx_hal_cortex.o
 .debug_line    0x0000000000003624      0xcaa ./Drivers/STM32F0xx_HAL_Driver/Src/stm32f0xx_hal_dma.o
 .debug_line    0x00000000000042ce      0xaf8 ./Drivers/STM32F0xx_HAL_Driver/Src/stm32f0xx_hal_gpio.o
 .debug_line    0x0000000000004dc6     0x32de ./Drivers/STM32F0xx_HAL_Driver/Src/stm32f0xx_hal_i2c.o
 .debug_line    0x00000000000080a4      0x931 ./Drivers/STM32F0xx_HAL_Driver/Src/stm32f0xx_hal_i2c_ex.o
 .debug_line    0x00000000000089d5      0xe1d ./Drivers/STM32F0xx_HAL_Driver/Src/stm32f0xx_hal_rcc.o
 .debug_line    0x00000000000097f2      0xbcc ./Drivers/STM32F0xx_HAL_Driver/Src/stm32f0xx_hal_rcc_ex.o
 .debug_line    0x000000000000a3be     0x1ea3 ./Drivers/STM32F0xx_HAL_Driver/Src/stm32f0xx_hal_spi.o
 .debug_line    0x000000000000c261     0x3609 ./Drivers/STM32F0xx_HAL_Driver/Src/stm32f0xx_hal_tim.o
 .debug_line    0x000000000000f86a     0x18fb ./Drivers/STM32F0xx_HAL_Driver/Src/stm32f0xx_hal_tim_ex.o
 .debug_line    0x0000000000011165     0x2cb1 ./Drivers/STM32F0xx_HAL_Driver/Src/stm32f0xx_hal_uart.o
 .debug_line    0x0000000000013e16      0xbdc ./Drivers/STM32F0xx_HAL_Driver/Src/stm32f0xx_hal_uart_ex.o

.debug_str      0x0000000000000000    0x90f1c
 .debug_str     0x0000000000000000    0x8cddf ./Core/Src/main.o
                                      0x8d1ce (size before relaxing)
 .debug_str     0x000000000008cddf      0x245 ./Core/Src/stm32f0xx_hal_msp.o
                                      0x8d059 (size before relaxing)
 .debug_str     0x000000000008d024       0xa8 ./Core/Src/stm32f0xx_it.o
                                      0x8cacc (size before relaxing)
 .debug_str     0x000000000008d0cc       0x5f ./Core/Src/system_stm32f0xx.o
                                      0x8c209 (size before relaxing)
 .debug_str     0x000000000008d12b       0x36 ./Core/Startup/startup_stm32f042k6tx.o
                                         0x56 (size before relaxing)
 .debug_str     0x000000000008d161      0x2fb ./Drivers/STM32F0xx_HAL_Driver/Src/stm32f0xx_hal.o
                                      0x8c733 (size before relaxing)
 .debug_str     0x000000000008d45c      0x1f0 ./Drivers/STM32F0xx_HAL_Driver/Src/stm32f0xx_hal_cortex.o
                                      0x8c5e7 (size before relaxing)
 .debug_str     0x000000000008d64c      0x248 ./Drivers/STM32F0xx_HAL_Driver/Src/stm32f0xx_hal_dma.o
                                      0x8c5e1 (size before relaxing)
 .debug_str     0x000000000008d894      0x151 ./Drivers/STM32F0xx_HAL_Driver/Src/stm32f0xx_hal_gpio.o
                                      0x8c3e8 (size before relaxing)
 .debug_str     0x000000000008d9e5      0xdc2 ./Drivers/STM32F0xx_HAL_Driver/Src/stm32f0xx_hal_i2c.o
                                      0x8d4bd (size before relaxing)
 .debug_str     0x000000000008e7a7       0xb8 ./Drivers/STM32F0xx_HAL_Driver/Src/stm32f0xx_hal_i2c_ex.o
                                      0x8c7a7 (size before relaxing)
 .debug_str     0x000000000008e85f      0x235 ./Drivers/STM32F0xx_HAL_Driver/Src/stm32f0xx_hal_rcc.o
                                      0x8c61e (size before relaxing)
 .debug_str     0x000000000008ea94      0x2c9 ./Drivers/STM32F0xx_HAL_Driver/Src/stm32f0xx_hal_rcc_ex.o
                                      0x8c5e6 (size before relaxing)
 .debug_str     0x000000000008ed5d      0x566 ./Drivers/STM32F0xx_HAL_Driver/Src/stm32f0xx_hal_spi.o
                                      0x8cb59 (size before relaxing)
 .debug_str     0x000000000008f2c3      0xd6e ./Drivers/STM32F0xx_HAL_Driver/Src/stm32f0xx_hal_tim.o
                                      0x8d5c4 (size before relaxing)
 .debug_str     0x0000000000090031      0x4ee ./Drivers/STM32F0xx_HAL_Driver/Src/stm32f0xx_hal_tim_ex.o
                                      0x8cd75 (size before relaxing)
 .debug_str     0x000000000009051f      0x85f ./Drivers/STM32F0xx_HAL_Driver/Src/stm32f0xx_hal_uart.o
                                      0x8cedd (size before relaxing)
 .debug_str     0x0000000000090d7e      0x19e ./Drivers/STM32F0xx_HAL_Driver/Src/stm32f0xx_hal_uart_ex.o
                                      0x8c7de (size before relaxing)

.comment        0x0000000000000000       0x53
 .comment       0x0000000000000000       0x53 ./Core/Src/main.o
                                         0x54 (size before relaxing)
 .comment       0x0000000000000053       0x54 ./Core/Src/stm32f0xx_hal_msp.o
 .comment       0x0000000000000053       0x54 ./Core/Src/stm32f0xx_it.o
 .comment       0x0000000000000053       0x54 ./Core/Src/system_stm32f0xx.o
 .comment       0x0000000000000053       0x54 ./Drivers/STM32F0xx_HAL_Driver/Src/stm32f0xx_hal.o
 .comment       0x0000000000000053       0x54 ./Drivers/STM32F0xx_HAL_Driver/Src/stm32f0xx_hal_cortex.o
 .comment       0x0000000000000053       0x54 ./Drivers/STM32F0xx_HAL_Driver/Src/stm32f0xx_hal_dma.o
 .comment       0x0000000000000053       0x54 ./Drivers/STM32F0xx_HAL_Driver/Src/stm32f0xx_hal_gpio.o
 .comment       0x0000000000000053       0x54 ./Drivers/STM32F0xx_HAL_Driver/Src/stm32f0xx_hal_i2c.o
 .comment       0x0000000000000053       0x54 ./Drivers/STM32F0xx_HAL_Driver/Src/stm32f0xx_hal_i2c_ex.o
 .comment       0x0000000000000053       0x54 ./Drivers/STM32F0xx_HAL_Driver/Src/stm32f0xx_hal_rcc.o
 .comment       0x0000000000000053       0x54 ./Drivers/STM32F0xx_HAL_Driver/Src/stm32f0xx_hal_rcc_ex.o
 .comment       0x0000000000000053       0x54 ./Drivers/STM32F0xx_HAL_Driver/Src/stm32f0xx_hal_spi.o
 .comment       0x0000000000000053       0x54 ./Drivers/STM32F0xx_HAL_Driver/Src/stm32f0xx_hal_tim.o
 .comment       0x0000000000000053       0x54 ./Drivers/STM32F0xx_HAL_Driver/Src/stm32f0xx_hal_tim_ex.o
 .comment       0x0000000000000053       0x54 ./Drivers/STM32F0xx_HAL_Driver/Src/stm32f0xx_hal_uart.o
 .comment       0x0000000000000053       0x54 ./Drivers/STM32F0xx_HAL_Driver/Src/stm32f0xx_hal_uart_ex.o

.debug_frame    0x0000000000000000     0x3fa0
 .debug_frame   0x0000000000000000      0x140 ./Core/Src/main.o
 .debug_frame   0x0000000000000140      0x170 ./Core/Src/stm32f0xx_hal_msp.o
 .debug_frame   0x00000000000002b0       0xf0 ./Core/Src/stm32f0xx_it.o
 .debug_frame   0x00000000000003a0       0x4c ./Core/Src/system_stm32f0xx.o
 .debug_frame   0x00000000000003ec      0x2a4 ./Drivers/STM32F0xx_HAL_Driver/Src/stm32f0xx_hal.o
 .debug_frame   0x0000000000000690      0x2a0 ./Drivers/STM32F0xx_HAL_Driver/Src/stm32f0xx_hal_cortex.o
 .debug_frame   0x0000000000000930      0x1d0 ./Drivers/STM32F0xx_HAL_Driver/Src/stm32f0xx_hal_dma.o
 .debug_frame   0x0000000000000b00      0x110 ./Drivers/STM32F0xx_HAL_Driver/Src/stm32f0xx_hal_gpio.o
 .debug_frame   0x0000000000000c10      0xa24 ./Drivers/STM32F0xx_HAL_Driver/Src/stm32f0xx_hal_i2c.o
 .debug_frame   0x0000000000001634       0xd0 ./Drivers/STM32F0xx_HAL_Driver/Src/stm32f0xx_hal_i2c_ex.o
 .debug_frame   0x0000000000001704      0x198 ./Drivers/STM32F0xx_HAL_Driver/Src/stm32f0xx_hal_rcc.o
 .debug_frame   0x000000000000189c      0x180 ./Drivers/STM32F0xx_HAL_Driver/Src/stm32f0xx_hal_rcc_ex.o
 .debug_frame   0x0000000000001a1c      0x710 ./Drivers/STM32F0xx_HAL_Driver/Src/stm32f0xx_hal_spi.o
 .debug_frame   0x000000000000212c      0xf00 ./Drivers/STM32F0xx_HAL_Driver/Src/stm32f0xx_hal_tim.o
 .debug_frame   0x000000000000302c      0x560 ./Drivers/STM32F0xx_HAL_Driver/Src/stm32f0xx_hal_tim_ex.o
 .debug_frame   0x000000000000358c      0x850 ./Drivers/STM32F0xx_HAL_Driver/Src/stm32f0xx_hal_uart.o
 .debug_frame   0x0000000000003ddc      0x158 ./Drivers/STM32F0xx_HAL_Driver/Src/stm32f0xx_hal_uart_ex.o
 .debug_frame   0x0000000000003f34       0x2c s:/st/stm32cubeide_1.8.0/stm32cubeide/plugins/com.st.stm32cube.ide.mcu.externaltools.gnu-tools-for-stm32.9-2020-q2-update.win32_2.0.0.202105311346/tools/bin/../lib/gcc/arm-none-eabi/9.3.1/../../../../arm-none-eabi/lib/thumb/v6-m/nofp\libc_nano.a(lib_a-init.o)
 .debug_frame   0x0000000000003f60       0x20 s:/st/stm32cubeide_1.8.0/stm32cubeide/plugins/com.st.stm32cube.ide.mcu.externaltools.gnu-tools-for-stm32.9-2020-q2-update.win32_2.0.0.202105311346/tools/bin/../lib/gcc/arm-none-eabi/9.3.1/../../../../arm-none-eabi/lib/thumb/v6-m/nofp\libc_nano.a(lib_a-memset.o)
 .debug_frame   0x0000000000003f80       0x20 s:/st/stm32cubeide_1.8.0/stm32cubeide/plugins/com.st.stm32cube.ide.mcu.externaltools.gnu-tools-for-stm32.9-2020-q2-update.win32_2.0.0.202105311346/tools/bin/../lib/gcc/arm-none-eabi/9.3.1/thumb/v6-m/nofp\libgcc.a(_udivsi3.o)
